
> vite_react_shadcn_ts@0.0.0 build:prod
> vite build

[36mvite v7.3.1 [32mbuilding client environment for production...[36m[39m
transforming...
node.exe : [33mnode_modules/react-router/dist/development/index.mjs (11:0): 
Module level directives cause errors when bundled, "use client" in 
"node_modules/react-router/dist/development/index.mjs" was ignored.[39m
At line:1 char:1
+ & "C:\Program Files\nodejs/node.exe" "C:\Users\Rye\AppData\Roaming\np ...
+ ~~~~~~~~~~~~~~~~~~~~~~~~~~~~~~~~~~~~~~~~~~~~~~~~~~~~~~~~~~~~~~~~~~~~~
    + CategoryInfo          : NotSpecified: ([33mnode_modul...s ignored.[39m 
   :String) [], RemoteException
    + FullyQualifiedErrorId : NativeCommandError
 
[33mnode_modules/@tanstack/react-query/build/modern/useQueries.js (1:0): 
Module level directives cause errors when bundled, "use client" in 
"node_modules/@tanstack/react-query/build/modern/useQueries.js" was 
ignored.[39m
[33mnode_modules/@tanstack/react-query/build/modern/useQuery.js (1:0): Module 
level directives cause errors when bundled, "use client" in 
"node_modules/@tanstack/react-query/build/modern/useQuery.js" was ignored.[39m
[33mnode_modules/@tanstack/react-query/build/modern/QueryClientProvider.js 
(1:0): Module level directives cause errors when bundled, "use client" in 
"node_modules/@tanstack/react-query/build/modern/QueryClientProvider.js" was 
ignored.[39m
[33mnode_modules/@tanstack/react-query/build/modern/HydrationBoundary.js 
(1:0): Module level directives cause errors when bundled, "use client" in 
"node_modules/@tanstack/react-query/build/modern/HydrationBoundary.js" was 
ignored.[39m
[33mnode_modules/@tanstack/react-query/build/modern/QueryErrorResetBoundary.js
 (1:0): Module level directives cause errors when bundled, "use client" in 
"node_modules/@tanstack/react-query/build/modern/QueryErrorResetBoundary.js" 
was ignored.[39m
[33mnode_modules/@tanstack/react-query/build/modern/useIsFetching.js (1:0): 
Module level directives cause errors when bundled, "use client" in 
"node_modules/@tanstack/react-query/build/modern/useIsFetching.js" was 
ignored.[39m
[33mnode_modules/@tanstack/react-query/build/modern/useMutation.js (1:0): 
Module level directives cause errors when bundled, "use client" in 
"node_modules/@tanstack/react-query/build/modern/useMutation.js" was 
ignored.[39m
[33mnode_modules/@tanstack/react-query/build/modern/useMutationState.js 
(1:0): Module level directives cause errors when bundled, "use client" in 
"node_modules/@tanstack/react-query/build/modern/useMutationState.js" was 
ignored.[39m
[33mnode_modules/@tanstack/react-query/build/modern/useInfiniteQuery.js 
(1:0): Module level directives cause errors when bundled, "use client" in 
"node_modules/@tanstack/react-query/build/modern/useInfiniteQuery.js" was 
ignored.[39m
[33mnode_modules/@tanstack/react-query/build/modern/IsRestoringProvider.js 
(1:0): Module level directives cause errors when bundled, "use client" in 
"node_modules/@tanstack/react-query/build/modern/IsRestoringProvider.js" was 
ignored.[39m
[33mnode_modules/@tanstack/react-query/build/modern/useSuspenseQueries.js 
(1:0): Module level directives cause errors when bundled, "use client" in 
"node_modules/@tanstack/react-query/build/modern/useSuspenseQueries.js" was 
ignored.[39m
[33mnode_modules/@tanstack/react-query/build/modern/useSuspenseInfiniteQuery.j
s (1:0): Module level directives cause errors when bundled, "use client" in 
"node_modules/@tanstack/react-query/build/modern/useSuspenseInfiniteQuery.js" 
was ignored.[39m
[33mnode_modules/@tanstack/react-query/build/modern/useSuspenseQuery.js 
(1:0): Module level directives cause errors when bundled, "use client" in 
"node_modules/@tanstack/react-query/build/modern/useSuspenseQuery.js" was 
ignored.[39m
[33mnode_modules/react-router/dist/development/dom-export.mjs (1:0): Module 
level directives cause errors when bundled, "use client" in 
"node_modules/react-router/dist/development/dom-export.mjs" was ignored.[39m
[33mnode_modules/next-themes/dist/index.mjs (1:0): Module level directives 
cause errors when bundled, "use client" in 
"node_modules/next-themes/dist/index.mjs" was ignored.[39m
[33mnode_modules/sonner/dist/index.mjs (1:0): Module level directives cause 
errors when bundled, "use client" in "node_modules/sonner/dist/index.mjs" was 
ignored.[39m
[33mnode_modules/@tanstack/react-query/build/modern/errorBoundaryUtils.js 
(1:0): Module level directives cause errors when bundled, "use client" in 
"node_modules/@tanstack/react-query/build/modern/errorBoundaryUtils.js" was 
ignored.[39m
[33mnode_modules/@radix-ui/react-tooltip/dist/index.mjs (1:0): Module level 
directives cause errors when bundled, "use client" in 
"node_modules/@radix-ui/react-tooltip/dist/index.mjs" was ignored.[39m
[33mnode_modules/@tanstack/react-query/build/modern/useBaseQuery.js (1:0): 
Module level directives cause errors when bundled, "use client" in 
"node_modules/@tanstack/react-query/build/modern/useBaseQuery.js" was 
ignored.[39m
[33mnode_modules/@radix-ui/react-dismissable-layer/dist/index.mjs (1:0): 
Module level directives cause errors when bundled, "use client" in 
"node_modules/@radix-ui/react-dismissable-layer/dist/index.mjs" was 
ignored.[39m
[33mnode_modules/@radix-ui/react-portal/dist/index.mjs (1:0): Module level 
directives cause errors when bundled, "use client" in 
"node_modules/@radix-ui/react-portal/dist/index.mjs" was ignored.[39m
[33mnode_modules/@radix-ui/react-popper/dist/index.mjs (1:0): Module level 
directives cause errors when bundled, "use client" in 
"node_modules/@radix-ui/react-popper/dist/index.mjs" was ignored.[39m
[33mnode_modules/@radix-ui/react-presence/dist/index.mjs (1:0): Module level 
directives cause errors when bundled, "use client" in 
"node_modules/@radix-ui/react-presence/dist/index.mjs" was ignored.[39m
[33mnode_modules/@radix-ui/react-toast/dist/index.mjs (1:0): Module level 
directives cause errors when bundled, "use client" in 
"node_modules/@radix-ui/react-toast/dist/index.mjs" was ignored.[39m
[33mnode_modules/@radix-ui/react-collection/dist/index.mjs (1:0): Module 
level directives cause errors when bundled, "use client" in 
"node_modules/@radix-ui/react-collection/dist/index.mjs" was ignored.[39m
[33mnode_modules/@radix-ui/react-label/dist/index.mjs (1:0): Module level 
directives cause errors when bundled, "use client" in 
"node_modules/@radix-ui/react-label/dist/index.mjs" was ignored.[39m
[33mnode_modules/@radix-ui/react-switch/dist/index.mjs (1:0): Module level 
directives cause errors when bundled, "use client" in 
"node_modules/@radix-ui/react-switch/dist/index.mjs" was ignored.[39m
[33mnode_modules/@radix-ui/react-dialog/dist/index.mjs (1:0): Module level 
directives cause errors when bundled, "use client" in 
"node_modules/@radix-ui/react-dialog/dist/index.mjs" was ignored.[39m
[33mnode_modules/@radix-ui/react-checkbox/dist/index.mjs (1:0): Module level 
directives cause errors when bundled, "use client" in 
"node_modules/@radix-ui/react-checkbox/dist/index.mjs" was ignored.[39m
[33mnode_modules/@radix-ui/react-alert-dialog/dist/index.mjs (1:0): Module 
level directives cause errors when bundled, "use client" in 
"node_modules/@radix-ui/react-alert-dialog/dist/index.mjs" was ignored.[39m
[33mnode_modules/@radix-ui/react-select/dist/index.mjs (1:0): Module level 
directives cause errors when bundled, "use client" in 
"node_modules/@radix-ui/react-select/dist/index.mjs" was ignored.[39m
[33mnode_modules/@radix-ui/react-focus-guards/dist/index.mjs (1:0): Module 
level directives cause errors when bundled, "use client" in 
"node_modules/@radix-ui/react-focus-guards/dist/index.mjs" was ignored.[39m
[33mnode_modules/@radix-ui/react-focus-scope/dist/index.mjs (1:0): Module 
level directives cause errors when bundled, "use client" in 
"node_modules/@radix-ui/react-focus-scope/dist/index.mjs" was ignored.[39m
[33mnode_modules/@radix-ui/react-scroll-area/dist/index.mjs (1:0): Module 
level directives cause errors when bundled, "use client" in 
"node_modules/@radix-ui/react-scroll-area/dist/index.mjs" was ignored.[39m
[33mnode_modules/@radix-ui/react-tabs/dist/index.mjs (1:0): Module level 
directives cause errors when bundled, "use client" in 
"node_modules/@radix-ui/react-tabs/dist/index.mjs" was ignored.[39m
[33mnode_modules/@radix-ui/react-roving-focus/dist/index.mjs (1:0): Module 
level directives cause errors when bundled, "use client" in 
"node_modules/@radix-ui/react-roving-focus/dist/index.mjs" was ignored.[39m
[32mΓ£ô[39m 1927 modules transformed.
[33mnode_modules/@radix-ui/react-popover/dist/index.mjs (1:0): Module level 
directives cause errors when bundled, "use client" in 
"node_modules/@radix-ui/react-popover/dist/index.mjs" was ignored.[39m
[33mnode_modules/@radix-ui/react-dropdown-menu/dist/index.mjs (1:0): Module 
level directives cause errors when bundled, "use client" in 
"node_modules/@radix-ui/react-dropdown-menu/dist/index.mjs" was ignored.[39m
[33mnode_modules/@radix-ui/react-radio-group/dist/index.mjs (1:0): Module 
level directives cause errors when bundled, "use client" in 
"node_modules/@radix-ui/react-radio-group/dist/index.mjs" was ignored.[39m
[33mnode_modules/@radix-ui/react-toggle/dist/index.mjs (1:0): Module level 
directives cause errors when bundled, "use client" in 
"node_modules/@radix-ui/react-toggle/dist/index.mjs" was ignored.[39m
[33mnode_modules/@radix-ui/react-progress/dist/index.mjs (1:0): Module level 
directives cause errors when bundled, "use client" in 
"node_modules/@radix-ui/react-progress/dist/index.mjs" was ignored.[39m
[33mnode_modules/@radix-ui/react-toggle-group/dist/index.mjs (1:0): Module 
level directives cause errors when bundled, "use client" in 
"node_modules/@radix-ui/react-toggle-group/dist/index.mjs" was ignored.[39m
[33mnode_modules/@radix-ui/react-accordion/dist/index.mjs (1:0): Module level 
directives cause errors when bundled, "use client" in 
"node_modules/@radix-ui/react-accordion/dist/index.mjs" was ignored.[39m
[33mnode_modules/framer-motion/dist/es/components/AnimatePresence/PopChild.mjs
 (1:0): Module level directives cause errors when bundled, "use client" in 
"node_modules/framer-motion/dist/es/components/AnimatePresence/PopChild.mjs" 
was ignored.[39m
[33mnode_modules/framer-motion/dist/es/components/AnimatePresence/PresenceChil
d.mjs (1:0): Module level directives cause errors when bundled, "use client" 
in "node_modules/framer-motion/dist/es/components/AnimatePresence/PresenceChild
.mjs" was ignored.[39m
[33mnode_modules/framer-motion/dist/es/components/LazyMotion/index.mjs (1:0): 
Module level directives cause errors when bundled, "use client" in 
"node_modules/framer-motion/dist/es/components/LazyMotion/index.mjs" was 
ignored.[39m
[33mnode_modules/framer-motion/dist/es/components/LayoutGroup/index.mjs 
(1:0): Module level directives cause errors when bundled, "use client" in 
"node_modules/framer-motion/dist/es/components/LayoutGroup/index.mjs" was 
ignored.[39m
[33mnode_modules/framer-motion/dist/es/components/MotionConfig/index.mjs 
(1:0): Module level directives cause errors when bundled, "use client" in 
"node_modules/framer-motion/dist/es/components/MotionConfig/index.mjs" was 
ignored.[39m
[33mnode_modules/framer-motion/dist/es/motion/utils/use-visual-state.mjs 
(1:0): Module level directives cause errors when bundled, "use client" in 
"node_modules/framer-motion/dist/es/motion/utils/use-visual-state.mjs" was 
ignored.[39m
[33mnode_modules/framer-motion/dist/es/utils/use-force-update.mjs (1:0): 
Module level directives cause errors when bundled, "use client" in 
"node_modules/framer-motion/dist/es/utils/use-force-update.mjs" was 
ignored.[39m
[33mnode_modules/framer-motion/dist/es/utils/use-unmount-effect.mjs (1:0): 
Module level directives cause errors when bundled, "use client" in 
"node_modules/framer-motion/dist/es/utils/use-unmount-effect.mjs" was 
ignored.[39m
[33mnode_modules/framer-motion/dist/es/utils/use-isomorphic-effect.mjs (1:0): 
Module level directives cause errors when bundled, "use client" in 
"node_modules/framer-motion/dist/es/utils/use-isomorphic-effect.mjs" was 
ignored.[39m
[33mnode_modules/framer-motion/dist/es/render/dom/features-animation.mjs 
(1:0): Module level directives cause errors when bundled, "use client" in 
"node_modules/framer-motion/dist/es/render/dom/features-animation.mjs" was 
ignored.[39m
[33mnode_modules/framer-motion/dist/es/render/dom/features-max.mjs (1:0): 
Module level directives cause errors when bundled, "use client" in 
"node_modules/framer-motion/dist/es/render/dom/features-max.mjs" was 
ignored.[39m
[33mnode_modules/framer-motion/dist/es/render/dom/features-min.mjs (1:0): 
Module level directives cause errors when bundled, "use client" in 
"node_modules/framer-motion/dist/es/render/dom/features-min.mjs" was 
ignored.[39m
[33mnode_modules/framer-motion/dist/es/value/use-motion-template.mjs (1:0): 
Module level directives cause errors when bundled, "use client" in 
"node_modules/framer-motion/dist/es/value/use-motion-template.mjs" was 
ignored.[39m
[33mnode_modules/framer-motion/dist/es/utils/use-motion-value-event.mjs 
(1:0): Module level directives cause errors when bundled, "use client" in 
"node_modules/framer-motion/dist/es/utils/use-motion-value-event.mjs" was 
ignored.[39m
[33mnode_modules/framer-motion/dist/es/value/use-motion-value.mjs (1:0): 
Module level directives cause errors when bundled, "use client" in 
"node_modules/framer-motion/dist/es/value/use-motion-value.mjs" was 
ignored.[39m
[33mnode_modules/framer-motion/dist/es/value/use-scroll.mjs (1:0): Module 
level directives cause errors when bundled, "use client" in 
"node_modules/framer-motion/dist/es/value/use-scroll.mjs" was ignored.[39m
[33mnode_modules/framer-motion/dist/es/value/use-follow-value.mjs (1:0): 
Module level directives cause errors when bundled, "use client" in 
"node_modules/framer-motion/dist/es/value/use-follow-value.mjs" was 
ignored.[39m
[33mnode_modules/framer-motion/dist/es/value/use-spring.mjs (1:0): Module 
level directives cause errors when bundled, "use client" in 
"node_modules/framer-motion/dist/es/value/use-spring.mjs" was ignored.[39m
[33mnode_modules/framer-motion/dist/es/value/use-time.mjs (1:0): Module level 
directives cause errors when bundled, "use client" in 
"node_modules/framer-motion/dist/es/value/use-time.mjs" was ignored.[39m
[33mnode_modules/framer-motion/dist/es/value/use-velocity.mjs (1:0): Module 
level directives cause errors when bundled, "use client" in 
"node_modules/framer-motion/dist/es/value/use-velocity.mjs" was ignored.[39m
[33mnode_modules/framer-motion/dist/es/value/use-will-change/index.mjs (1:0): 
Module level directives cause errors when bundled, "use client" in 
"node_modules/framer-motion/dist/es/value/use-will-change/index.mjs" was 
ignored.[39m
[33mnode_modules/framer-motion/dist/es/utils/reduced-motion/use-reduced-motion
-config.mjs (1:0): Module level directives cause errors when bundled, "use 
client" in "node_modules/framer-motion/dist/es/utils/reduced-motion/use-reduced
-motion-config.mjs" was ignored.[39m
[33mnode_modules/framer-motion/dist/es/value/use-transform.mjs (1:0): Module 
level directives cause errors when bundled, "use client" in 
"node_modules/framer-motion/dist/es/value/use-transform.mjs" was ignored.[39m
[33mnode_modules/framer-motion/dist/es/animation/hooks/use-animate.mjs (1:0): 
Module level directives cause errors when bundled, "use client" in 
"node_modules/framer-motion/dist/es/animation/hooks/use-animate.mjs" was 
ignored.[39m
[33mnode_modules/framer-motion/dist/es/animation/hooks/use-animate-style.mjs 
(1:0): Module level directives cause errors when bundled, "use client" in 
"node_modules/framer-motion/dist/es/animation/hooks/use-animate-style.mjs" was 
ignored.[39m
[33mnode_modules/framer-motion/dist/es/animation/hooks/use-animation.mjs 
(1:0): Module level directives cause errors when bundled, "use client" in 
"node_modules/framer-motion/dist/es/animation/hooks/use-animation.mjs" was 
ignored.[39m
[33mnode_modules/framer-motion/dist/es/components/AnimatePresence/use-presence
.mjs (1:0): Module level directives cause errors when bundled, "use client" in 
"node_modules/framer-motion/dist/es/components/AnimatePresence/use-presence.mjs
" was ignored.[39m
[33mnode_modules/framer-motion/dist/es/components/AnimatePresence/use-presence
-data.mjs (1:0): Module level directives cause errors when bundled, "use 
client" in "node_modules/framer-motion/dist/es/components/AnimatePresence/use-p
resence-data.mjs" was ignored.[39m
[33mnode_modules/framer-motion/dist/es/events/use-dom-event.mjs (1:0): Module 
level directives cause errors when bundled, "use client" in 
"node_modules/framer-motion/dist/es/events/use-dom-event.mjs" was ignored.[39m
[33mnode_modules/framer-motion/dist/es/utils/use-animation-frame.mjs (1:0): 
Module level directives cause errors when bundled, "use client" in 
"node_modules/framer-motion/dist/es/utils/use-animation-frame.mjs" was 
ignored.[39m
[33mnode_modules/framer-motion/dist/es/utils/use-in-view.mjs (1:0): Module 
level directives cause errors when bundled, "use client" in 
"node_modules/framer-motion/dist/es/utils/use-in-view.mjs" was ignored.[39m
[33mnode_modules/framer-motion/dist/es/utils/use-cycle.mjs (1:0): Module 
level directives cause errors when bundled, "use client" in 
"node_modules/framer-motion/dist/es/utils/use-cycle.mjs" was ignored.[39m
[33mnode_modules/framer-motion/dist/es/utils/use-instant-transition.mjs 
(1:0): Module level directives cause errors when bundled, "use client" in 
"node_modules/framer-motion/dist/es/utils/use-instant-transition.mjs" was 
ignored.[39m
[33mnode_modules/framer-motion/dist/es/utils/use-page-in-view.mjs (1:0): 
Module level directives cause errors when bundled, "use client" in 
"node_modules/framer-motion/dist/es/utils/use-page-in-view.mjs" was 
ignored.[39m
[33mnode_modules/framer-motion/dist/es/context/LayoutGroupContext.mjs (1:0): 
Module level directives cause errors when bundled, "use client" in 
"node_modules/framer-motion/dist/es/context/LayoutGroupContext.mjs" was 
ignored.[39m
[33mnode_modules/framer-motion/dist/es/context/MotionConfigContext.mjs (1:0): 
Module level directives cause errors when bundled, "use client" in 
"node_modules/framer-motion/dist/es/context/MotionConfigContext.mjs" was 
ignored.[39m
[33mnode_modules/framer-motion/dist/es/context/MotionContext/index.mjs (1:0): 
Module level directives cause errors when bundled, "use client" in 
"node_modules/framer-motion/dist/es/context/MotionContext/index.mjs" was 
ignored.[39m
[33mnode_modules/framer-motion/dist/es/context/PresenceContext.mjs (1:0): 
Module level directives cause errors when bundled, "use client" in 
"node_modules/framer-motion/dist/es/context/PresenceContext.mjs" was 
ignored.[39m
[33mnode_modules/framer-motion/dist/es/context/SwitchLayoutGroupContext.mjs 
(1:0): Module level directives cause errors when bundled, "use client" in 
"node_modules/framer-motion/dist/es/context/SwitchLayoutGroupContext.mjs" was 
ignored.[39m
[33mnode_modules/framer-motion/dist/es/animation/hooks/use-animated-state.mjs 
(1:0): Module level directives cause errors when bundled, "use client" in 
"node_modules/framer-motion/dist/es/animation/hooks/use-animated-state.mjs" 
was ignored.[39m
[33mnode_modules/framer-motion/dist/es/components/AnimateSharedLayout.mjs 
(1:0): Module level directives cause errors when bundled, "use client" in 
"node_modules/framer-motion/dist/es/components/AnimateSharedLayout.mjs" was 
ignored.[39m
[33mnode_modules/framer-motion/dist/es/context/DeprecatedLayoutGroupContext.mj
s (1:0): Module level directives cause errors when bundled, "use client" in 
"node_modules/framer-motion/dist/es/context/DeprecatedLayoutGroupContext.mjs" 
was ignored.[39m
[33mnode_modules/framer-motion/dist/es/value/use-inverted-scale.mjs (1:0): 
Module level directives cause errors when bundled, "use client" in 
"node_modules/framer-motion/dist/es/value/use-inverted-scale.mjs" was 
ignored.[39m
[33mnode_modules/@radix-ui/react-collapsible/dist/index.mjs (1:0): Module 
level directives cause errors when bundled, "use client" in 
"node_modules/@radix-ui/react-collapsible/dist/index.mjs" was ignored.[39m
[33mnode_modules/@radix-ui/react-menu/dist/index.mjs (1:0): Module level 
directives cause errors when bundled, "use client" in 
"node_modules/@radix-ui/react-menu/dist/index.mjs" was ignored.[39m
[33mnode_modules/framer-motion/dist/es/components/AnimatePresence/index.mjs 
(1:0): Module level directives cause errors when bundled, "use client" in 
"node_modules/framer-motion/dist/es/components/AnimatePresence/index.mjs" was 
ignored.[39m
[33mnode_modules/framer-motion/dist/es/utils/reduced-motion/use-reduced-motion
.mjs (1:0): Module level directives cause errors when bundled, "use client" in 
"node_modules/framer-motion/dist/es/utils/reduced-motion/use-reduced-motion.mjs
" was ignored.[39m
[31mΓ£ù[39m Build failed in 7.99s
[31merror during build:
[31m[vite]: Rollup failed to resolve import "react-is" from 
"D:/coding_stuff/QUICKDENT/node_modules/recharts/es6/util/ReactUtils.js".
This is most likely unintended because it can break your application at 
runtime.
If you do want to externalize this module explicitly add it to
`build.rollupOptions.external`[31m
    at viteLog (file:///D:/coding_stuff/QUICKDENT/node_modules/vite/dist/node/c
hunks/config.js:33635:57)
    at onRollupLog (file:///D:/coding_stuff/QUICKDENT/node_modules/vite/dist/no
de/chunks/config.js:33665:7)
    at onLog (file:///D:/coding_stuff/QUICKDENT/node_modules/vite/dist/node/chu
nks/config.js:33467:4)
    at file:///D:/coding_stuff/QUICKDENT/node_modules/rollup/dist/es/shared/nod
e-entry.js:21369:32
    at Object.logger [as onLog] (file:///D:/coding_stuff/QUICKDENT/node_modules
/rollup/dist/es/shared/node-entry.js:23364:9)
    at ModuleLoader.handleInvalidResolvedId (file:///D:/coding_stuff/QUICKDENT/
node_modules/rollup/dist/es/shared/node-entry.js:22108:26)
    at file:///D:/coding_stuff/QUICKDENT/node_modules/rollup/dist/es/shared/nod
e-entry.js:22066:26[39m
